

================================================================
== Synthesis Summary Report of 'nn_inference'
================================================================
+ General Information: 
    * Date:           Tue Nov 25 19:16:14 2025
    * Version:        2021.1 (Build 3247384 on Thu Jun 10 19:36:33 MDT 2021)
    * Project:        FPGAI
    * Solution:       solution1 (Vivado IP Flow Target)
    * Product family: zynq
    * Target device:  xc7z020-clg400-1
    

+ Performance & Resource Estimates: 
    
    PS: '+' for module; 'o' for loop; '*' for dataflow
    +--------------------------------------------+------+-------+---------+-----------+----------+---------+------+----------+----------+-----------+-------------+-------------+-----+
    |                   Modules                  | Issue|       | Latency |  Latency  | Iteration|         | Trip |          |          |           |             |             |     |
    |                   & Loops                  | Type | Slack | (cycles)|    (ns)   |  Latency | Interval| Count| Pipelined|   BRAM   |    DSP    |      FF     |     LUT     | URAM|
    +--------------------------------------------+------+-------+---------+-----------+----------+---------+------+----------+----------+-----------+-------------+-------------+-----+
    |+ nn_inference                              |     -|   1.55|     3690|  1.107e+05|         -|     3691|     -|        no|  34 (12%)|  165 (75%)|  21537 (20%)|  32108 (60%)|    -|
    | + grp_nn_inference_Pipeline_1_fu_696       |     -|  25.12|       34|  1.020e+03|         -|       34|     -|        no|         -|          -|      8 (~0%)|     51 (~0%)|    -|
    |  o Loop 1                                  |     -|  29.80|       32|    960.000|         1|        1|    32|       yes|         -|          -|            -|            -|    -|
    | + grp_nn_inference_Pipeline_2_fu_702       |     -|  26.11|       18|    540.000|         -|       18|     -|        no|         -|          -|      7 (~0%)|     50 (~0%)|    -|
    |  o Loop 1                                  |     -|  29.80|       16|    480.000|         1|        1|    16|       yes|         -|          -|            -|            -|    -|
    | + grp_nn_inference_Pipeline_3_fu_708       |     -|  26.18|       12|    360.000|         -|       12|     -|        no|         -|          -|      6 (~0%)|     49 (~0%)|    -|
    |  o Loop 1                                  |     -|  29.80|       10|    300.000|         1|        1|    10|       yes|         -|          -|            -|            -|    -|
    | + grp_hwmm_layer1_fu_714                   |     -|   5.63|     3424|  1.027e+05|         -|     3424|     -|        no|  32 (11%)|     5 (2%)|    5042 (4%)|   6064 (11%)|    -|
    |  + grp_hwmm_layer1_Pipeline_prod_fu_631    |     -|   5.63|      105|  3.150e+03|         -|      105|     -|        no|   1 (~0%)|          -|    145 (~0%)|    112 (~0%)|    -|
    |   o prod                                   |     -|  29.80|      103|  3.090e+03|         5|        1|   100|       yes|         -|          -|            -|            -|    -|
    |  + grp_hwmm_layer1_Pipeline_prod4_fu_640   |     -|   5.63|      105|  3.150e+03|         -|      105|     -|        no|   1 (~0%)|          -|    145 (~0%)|    112 (~0%)|    -|
    |   o prod                                   |     -|  29.80|      103|  3.090e+03|         5|        1|   100|       yes|         -|          -|            -|            -|    -|
    |  + grp_hwmm_layer1_Pipeline_prod5_fu_649   |     -|   5.63|      105|  3.150e+03|         -|      105|     -|        no|   1 (~0%)|          -|    145 (~0%)|    112 (~0%)|    -|
    |   o prod                                   |     -|  29.80|      103|  3.090e+03|         5|        1|   100|       yes|         -|          -|            -|            -|    -|
    |  + grp_hwmm_layer1_Pipeline_prod6_fu_658   |     -|   5.63|      105|  3.150e+03|         -|      105|     -|        no|   1 (~0%)|          -|    145 (~0%)|    112 (~0%)|    -|
    |   o prod                                   |     -|  29.80|      103|  3.090e+03|         5|        1|   100|       yes|         -|          -|            -|            -|    -|
    |  + grp_hwmm_layer1_Pipeline_prod7_fu_667   |     -|   5.63|      105|  3.150e+03|         -|      105|     -|        no|   1 (~0%)|          -|    145 (~0%)|    112 (~0%)|    -|
    |   o prod                                   |     -|  29.80|      103|  3.090e+03|         5|        1|   100|       yes|         -|          -|            -|            -|    -|
    |  + grp_hwmm_layer1_Pipeline_prod8_fu_676   |     -|   5.63|      105|  3.150e+03|         -|      105|     -|        no|   1 (~0%)|          -|    145 (~0%)|    112 (~0%)|    -|
    |   o prod                                   |     -|  29.80|      103|  3.090e+03|         5|        1|   100|       yes|         -|          -|            -|            -|    -|
    |  + grp_hwmm_layer1_Pipeline_prod9_fu_685   |     -|   5.63|      105|  3.150e+03|         -|      105|     -|        no|   1 (~0%)|          -|    145 (~0%)|    112 (~0%)|    -|
    |   o prod                                   |     -|  29.80|      103|  3.090e+03|         5|        1|   100|       yes|         -|          -|            -|            -|    -|
    |  + grp_hwmm_layer1_Pipeline_prod10_fu_694  |     -|   5.63|      105|  3.150e+03|         -|      105|     -|        no|   1 (~0%)|          -|    145 (~0%)|    112 (~0%)|    -|
    |   o prod                                   |     -|  29.80|      103|  3.090e+03|         5|        1|   100|       yes|         -|          -|            -|            -|    -|
    |  + grp_hwmm_layer1_Pipeline_prod11_fu_703  |     -|   5.63|      105|  3.150e+03|         -|      105|     -|        no|   1 (~0%)|          -|    145 (~0%)|    112 (~0%)|    -|
    |   o prod                                   |     -|  29.80|      103|  3.090e+03|         5|        1|   100|       yes|         -|          -|            -|            -|    -|
    |  + grp_hwmm_layer1_Pipeline_prod12_fu_712  |     -|   5.63|      105|  3.150e+03|         -|      105|     -|        no|   1 (~0%)|          -|    145 (~0%)|    112 (~0%)|    -|
    |   o prod                                   |     -|  29.80|      103|  3.090e+03|         5|        1|   100|       yes|         -|          -|            -|            -|    -|
    |  + grp_hwmm_layer1_Pipeline_prod13_fu_721  |     -|   5.63|      105|  3.150e+03|         -|      105|     -|        no|   1 (~0%)|          -|    145 (~0%)|    112 (~0%)|    -|
    |   o prod                                   |     -|  29.80|      103|  3.090e+03|         5|        1|   100|       yes|         -|          -|            -|            -|    -|
    |  + grp_hwmm_layer1_Pipeline_prod14_fu_730  |     -|   5.63|      105|  3.150e+03|         -|      105|     -|        no|   1 (~0%)|          -|    145 (~0%)|    112 (~0%)|    -|
    |   o prod                                   |     -|  29.80|      103|  3.090e+03|         5|        1|   100|       yes|         -|          -|            -|            -|    -|
    |  + grp_hwmm_layer1_Pipeline_prod15_fu_739  |     -|   5.63|      105|  3.150e+03|         -|      105|     -|        no|   1 (~0%)|          -|    145 (~0%)|    112 (~0%)|    -|
    |   o prod                                   |     -|  29.80|      103|  3.090e+03|         5|        1|   100|       yes|         -|          -|            -|            -|    -|
    |  + grp_hwmm_layer1_Pipeline_prod16_fu_748  |     -|   5.63|      105|  3.150e+03|         -|      105|     -|        no|   1 (~0%)|          -|    145 (~0%)|    112 (~0%)|    -|
    |   o prod                                   |     -|  29.80|      103|  3.090e+03|         5|        1|   100|       yes|         -|          -|            -|            -|    -|
    |  + grp_hwmm_layer1_Pipeline_prod17_fu_757  |     -|   5.63|      105|  3.150e+03|         -|      105|     -|        no|   1 (~0%)|          -|    145 (~0%)|    112 (~0%)|    -|
    |   o prod                                   |     -|  29.80|      103|  3.090e+03|         5|        1|   100|       yes|         -|          -|            -|            -|    -|
    |  + grp_hwmm_layer1_Pipeline_prod18_fu_766  |     -|   5.63|      105|  3.150e+03|         -|      105|     -|        no|   1 (~0%)|          -|    145 (~0%)|    112 (~0%)|    -|
    |   o prod                                   |     -|  29.80|      103|  3.090e+03|         5|        1|   100|       yes|         -|          -|            -|            -|    -|
    |  + grp_hwmm_layer1_Pipeline_prod19_fu_775  |     -|   5.63|      105|  3.150e+03|         -|      105|     -|        no|   1 (~0%)|          -|    145 (~0%)|    112 (~0%)|    -|
    |   o prod                                   |     -|  29.80|      103|  3.090e+03|         5|        1|   100|       yes|         -|          -|            -|            -|    -|
    |  + grp_hwmm_layer1_Pipeline_prod20_fu_784  |     -|   5.63|      105|  3.150e+03|         -|      105|     -|        no|   1 (~0%)|          -|    145 (~0%)|    112 (~0%)|    -|
    |   o prod                                   |     -|  29.80|      103|  3.090e+03|         5|        1|   100|       yes|         -|          -|            -|            -|    -|
    |  + grp_hwmm_layer1_Pipeline_prod21_fu_793  |     -|   5.63|      105|  3.150e+03|         -|      105|     -|        no|   1 (~0%)|          -|    145 (~0%)|    112 (~0%)|    -|
    |   o prod                                   |     -|  29.80|      103|  3.090e+03|         5|        1|   100|       yes|         -|          -|            -|            -|    -|
    |  + grp_hwmm_layer1_Pipeline_prod22_fu_802  |     -|   5.63|      105|  3.150e+03|         -|      105|     -|        no|   1 (~0%)|          -|    145 (~0%)|    112 (~0%)|    -|
    |   o prod                                   |     -|  29.80|      103|  3.090e+03|         5|        1|   100|       yes|         -|          -|            -|            -|    -|
    |  + grp_hwmm_layer1_Pipeline_prod23_fu_811  |     -|   5.63|      105|  3.150e+03|         -|      105|     -|        no|   1 (~0%)|          -|    145 (~0%)|    112 (~0%)|    -|
    |   o prod                                   |     -|  29.80|      103|  3.090e+03|         5|        1|   100|       yes|         -|          -|            -|            -|    -|
    |  + grp_hwmm_layer1_Pipeline_prod24_fu_820  |     -|   5.63|      105|  3.150e+03|         -|      105|     -|        no|   1 (~0%)|          -|    145 (~0%)|    112 (~0%)|    -|
    |   o prod                                   |     -|  29.80|      103|  3.090e+03|         5|        1|   100|       yes|         -|          -|            -|            -|    -|
    |  + grp_hwmm_layer1_Pipeline_prod25_fu_829  |     -|   5.63|      105|  3.150e+03|         -|      105|     -|        no|   1 (~0%)|          -|    145 (~0%)|    112 (~0%)|    -|
    |   o prod                                   |     -|  29.80|      103|  3.090e+03|         5|        1|   100|       yes|         -|          -|            -|            -|    -|
    |  + grp_hwmm_layer1_Pipeline_prod26_fu_838  |     -|   5.63|      105|  3.150e+03|         -|      105|     -|        no|   1 (~0%)|          -|    145 (~0%)|    112 (~0%)|    -|
    |   o prod                                   |     -|  29.80|      103|  3.090e+03|         5|        1|   100|       yes|         -|          -|            -|            -|    -|
    |  + grp_hwmm_layer1_Pipeline_prod27_fu_847  |     -|   5.63|      105|  3.150e+03|         -|      105|     -|        no|   1 (~0%)|          -|    145 (~0%)|    112 (~0%)|    -|
    |   o prod                                   |     -|  29.80|      103|  3.090e+03|         5|        1|   100|       yes|         -|          -|            -|            -|    -|
    |  + grp_hwmm_layer1_Pipeline_prod28_fu_856  |     -|   5.63|      105|  3.150e+03|         -|      105|     -|        no|   1 (~0%)|          -|    145 (~0%)|    112 (~0%)|    -|
    |   o prod                                   |     -|  29.80|      103|  3.090e+03|         5|        1|   100|       yes|         -|          -|            -|            -|    -|
    |  + grp_hwmm_layer1_Pipeline_prod29_fu_865  |     -|   5.63|      105|  3.150e+03|         -|      105|     -|        no|   1 (~0%)|          -|    145 (~0%)|    112 (~0%)|    -|
    |   o prod                                   |     -|  29.80|      103|  3.090e+03|         5|        1|   100|       yes|         -|          -|            -|            -|    -|
    |  + grp_hwmm_layer1_Pipeline_prod30_fu_874  |     -|   5.63|      105|  3.150e+03|         -|      105|     -|        no|   1 (~0%)|          -|    145 (~0%)|    112 (~0%)|    -|
    |   o prod                                   |     -|  29.80|      103|  3.090e+03|         5|        1|   100|       yes|         -|          -|            -|            -|    -|
    |  + grp_hwmm_layer1_Pipeline_prod31_fu_883  |     -|   5.63|      105|  3.150e+03|         -|      105|     -|        no|   1 (~0%)|          -|    145 (~0%)|    112 (~0%)|    -|
    |   o prod                                   |     -|  29.80|      103|  3.090e+03|         5|        1|   100|       yes|         -|          -|            -|            -|    -|
    |  + grp_hwmm_layer1_Pipeline_prod32_fu_892  |     -|   5.63|      105|  3.150e+03|         -|      105|     -|        no|   1 (~0%)|          -|    145 (~0%)|    112 (~0%)|    -|
    |   o prod                                   |     -|  29.80|      103|  3.090e+03|         5|        1|   100|       yes|         -|          -|            -|            -|    -|
    |  + grp_hwmm_layer1_Pipeline_prod33_fu_901  |     -|   5.63|      105|  3.150e+03|         -|      105|     -|        no|   1 (~0%)|          -|    145 (~0%)|    112 (~0%)|    -|
    |   o prod                                   |     -|  29.80|      103|  3.090e+03|         5|        1|   100|       yes|         -|          -|            -|            -|    -|
    |  + grp_hwmm_layer1_Pipeline_prod34_fu_910  |     -|   5.63|      105|  3.150e+03|         -|      105|     -|        no|   1 (~0%)|          -|    145 (~0%)|    112 (~0%)|    -|
    |   o prod                                   |     -|  29.80|      103|  3.090e+03|         5|        1|   100|       yes|         -|          -|            -|            -|    -|
    | + grp_nn_inference_Pipeline_loop1_fu_785   |     -|   2.94|       35|  1.050e+03|         -|       35|     -|        no|         -|          -|     22 (~0%)|     92 (~0%)|    -|
    |  o loop1                                   |     -|  29.80|       33|    990.000|         3|        1|    32|       yes|         -|          -|            -|            -|    -|
    | + grp_nn_inference_Pipeline_col_fu_790     |     -|   4.90|       83|  2.490e+03|         -|       83|     -|        no|         -|          -|    3247 (3%)|    349 (~0%)|    -|
    |  o col                                     |     -|  29.80|       81|  2.430e+03|        67|        1|    16|       yes|         -|          -|            -|            -|    -|
    | + grp_nn_inference_Pipeline_loop11_fu_893  |     -|   1.55|       18|    540.000|         -|       18|     -|        no|         -|          -|     12 (~0%)|     91 (~0%)|    -|
    |  o loop1                                   |     -|  29.80|       16|    480.000|         2|        1|    16|       yes|         -|          -|            -|            -|    -|
    | + grp_nn_inference_Pipeline_col2_fu_898    |     -|   4.90|       45|  1.350e+03|         -|       45|     -|        no|         -|          -|    1645 (1%)|    172 (~0%)|    -|
    |  o col                                     |     -|  29.80|       43|  1.290e+03|        35|        1|    10|       yes|         -|          -|            -|            -|    -|
    | + grp_nn_inference_Pipeline_loop13_fu_953  |     -|   1.58|       12|    360.000|         -|       12|     -|        no|         -|          -|     75 (~0%)|    202 (~0%)|    -|
    |  o loop1                                   |     -|  29.80|       10|    300.000|         2|        1|    10|       yes|         -|          -|            -|            -|    -|
    +--------------------------------------------+------+-------+---------+-----------+----------+---------+------+----------+----------+-----------+-------------+-------------+-----+


================================================================
== HW Interfaces
================================================================
* AP_MEMORY
+--------------------+----------+
| Interface          | Bitwidth |
+--------------------+----------+
| input_img_address0 | 7        |
| input_img_q0       | 32       |
+--------------------+----------+

* REGISTER
+-----------+----------+
| Interface | Bitwidth |
+-----------+----------+
| ap_return | 32       |
+-----------+----------+

* TOP LEVEL CONTROL
+-----------+------------+-----------------------------------+
| Interface | Type       | Ports                             |
+-----------+------------+-----------------------------------+
| ap_clk    | clock      | ap_clk                            |
| ap_rst    | reset      | ap_rst                            |
| ap_ctrl   | ap_ctrl_hs | ap_done ap_idle ap_ready ap_start |
+-----------+------------+-----------------------------------+


================================================================
== SW I/O Information
================================================================
* Top Function Arguments
+-----------+-----------+----------+
| Argument  | Direction | Datatype |
+-----------+-----------+----------+
| input_img | in        | float*   |
| return    | out       | int      |
+-----------+-----------+----------+

* SW-to-HW Mapping
+-----------+--------------------+---------+----------+
| Argument  | HW Name            | HW Type | HW Usage |
+-----------+--------------------+---------+----------+
| input_img | input_img_address0 | port    | offset   |
| input_img | input_img_ce0      | port    |          |
| input_img | input_img_q0       | port    |          |
| return    | ap_return          | port    |          |
+-----------+--------------------+---------+----------+


================================================================
== M_AXI Burst Information
================================================================

