

================================================================
== Vitis HLS Report for 'nn_inference_Pipeline_col'
================================================================
* Date:           Tue Nov 25 19:16:11 2025

* Version:        2021.1 (Build 3247384 on Thu Jun 10 19:36:33 MDT 2021)
* Project:        FPGAI
* Solution:       solution1 (Vivado IP Flow Target)
* Product family: zynq
* Target device:  xc7z020-clg400-1


================================================================
== Performance Estimates
================================================================
+ Timing: 
    * Summary: 
    +--------+----------+-----------+------------+
    |  Clock |  Target  | Estimated | Uncertainty|
    +--------+----------+-----------+------------+
    |ap_clk  |  30.00 ns|  24.900 ns|     0.20 ns|
    +--------+----------+-----------+------------+

+ Latency: 
    * Summary: 
    +---------+---------+----------+----------+-----+-----+---------+
    |  Latency (cycles) |  Latency (absolute) |  Interval | Pipeline|
    |   min   |   max   |    min   |    max   | min | max |   Type  |
    +---------+---------+----------+----------+-----+-----+---------+
    |       83|       83|  2.490 us|  2.490 us|   83|   83|       no|
    +---------+---------+----------+----------+-----+-----+---------+

    + Detail: 
        * Instance: 
        N/A

        * Loop: 
        +----------+---------+---------+----------+-----------+-----------+------+----------+
        |          |  Latency (cycles) | Iteration|  Initiation Interval  | Trip |          |
        | Loop Name|   min   |   max   |  Latency |  achieved |   target  | Count| Pipelined|
        +----------+---------+---------+----------+-----------+-----------+------+----------+
        |- col     |       81|       81|        67|          1|          1|    16|       yes|
        +----------+---------+---------+----------+-----------+-----------+------+----------+



================================================================
== Utilization Estimates
================================================================
* Summary: 
+-----------------+---------+-----+--------+-------+-----+
|       Name      | BRAM_18K| DSP |   FF   |  LUT  | URAM|
+-----------------+---------+-----+--------+-------+-----+
|DSP              |        -|    -|       -|      -|    -|
|Expression       |        -|    -|       0|     25|    -|
|FIFO             |        -|    -|       -|      -|    -|
|Instance         |        -|    -|       -|      -|    -|
|Memory           |        0|    -|    1024|    256|    -|
|Multiplexer      |        -|    -|       -|     36|    -|
|Register         |        -|    -|    2223|     32|    -|
+-----------------+---------+-----+--------+-------+-----+
|Total            |        0|    0|    3247|    349|    0|
+-----------------+---------+-----+--------+-------+-----+
|Available        |      280|  220|  106400|  53200|    0|
+-----------------+---------+-----+--------+-------+-----+
|Utilization (%)  |        0|    0|       3|     ~0|    0|
+-----------------+---------+-----+--------+-------+-----+

+ Detail: 
    * Instance: 
    N/A

    * DSP: 
    N/A

    * Memory: 
    +---------------------+---------------------------------------------+---------+----+----+-----+------+-----+------+-------------+
    |        Memory       |                    Module                   | BRAM_18K| FF | LUT| URAM| Words| Bits| Banks| W*Bits*Banks|
    +---------------------+---------------------------------------------+---------+----+----+-----+------+-----+------+-------------+
    |layer2_weights_0_U   |nn_inference_Pipeline_col_layer2_weights_0   |        0|  32|   8|    0|    16|   32|     1|          512|
    |layer2_weights_1_U   |nn_inference_Pipeline_col_layer2_weights_1   |        0|  32|   8|    0|    16|   32|     1|          512|
    |layer2_weights_10_U  |nn_inference_Pipeline_col_layer2_weights_10  |        0|  32|   8|    0|    16|   32|     1|          512|
    |layer2_weights_11_U  |nn_inference_Pipeline_col_layer2_weights_11  |        0|  32|   8|    0|    16|   32|     1|          512|
    |layer2_weights_12_U  |nn_inference_Pipeline_col_layer2_weights_12  |        0|  32|   8|    0|    16|   32|     1|          512|
    |layer2_weights_13_U  |nn_inference_Pipeline_col_layer2_weights_13  |        0|  32|   8|    0|    16|   32|     1|          512|
    |layer2_weights_14_U  |nn_inference_Pipeline_col_layer2_weights_14  |        0|  32|   8|    0|    16|   32|     1|          512|
    |layer2_weights_15_U  |nn_inference_Pipeline_col_layer2_weights_15  |        0|  32|   8|    0|    16|   32|     1|          512|
    |layer2_weights_16_U  |nn_inference_Pipeline_col_layer2_weights_16  |        0|  32|   8|    0|    16|   32|     1|          512|
    |layer2_weights_17_U  |nn_inference_Pipeline_col_layer2_weights_17  |        0|  32|   8|    0|    16|   32|     1|          512|
    |layer2_weights_18_U  |nn_inference_Pipeline_col_layer2_weights_18  |        0|  32|   8|    0|    16|   32|     1|          512|
    |layer2_weights_19_U  |nn_inference_Pipeline_col_layer2_weights_19  |        0|  32|   8|    0|    16|   32|     1|          512|
    |layer2_weights_2_U   |nn_inference_Pipeline_col_layer2_weights_2   |        0|  32|   8|    0|    16|   32|     1|          512|
    |layer2_weights_20_U  |nn_inference_Pipeline_col_layer2_weights_20  |        0|  32|   8|    0|    16|   32|     1|          512|
    |layer2_weights_21_U  |nn_inference_Pipeline_col_layer2_weights_21  |        0|  32|   8|    0|    16|   32|     1|          512|
    |layer2_weights_22_U  |nn_inference_Pipeline_col_layer2_weights_22  |        0|  32|   8|    0|    16|   32|     1|          512|
    |layer2_weights_23_U  |nn_inference_Pipeline_col_layer2_weights_23  |        0|  32|   8|    0|    16|   32|     1|          512|
    |layer2_weights_24_U  |nn_inference_Pipeline_col_layer2_weights_24  |        0|  32|   8|    0|    16|   32|     1|          512|
    |layer2_weights_25_U  |nn_inference_Pipeline_col_layer2_weights_25  |        0|  32|   8|    0|    16|   32|     1|          512|
    |layer2_weights_26_U  |nn_inference_Pipeline_col_layer2_weights_26  |        0|  32|   8|    0|    16|   32|     1|          512|
    |layer2_weights_27_U  |nn_inference_Pipeline_col_layer2_weights_27  |        0|  32|   8|    0|    16|   32|     1|          512|
    |layer2_weights_28_U  |nn_inference_Pipeline_col_layer2_weights_28  |        0|  32|   8|    0|    16|   32|     1|          512|
    |layer2_weights_29_U  |nn_inference_Pipeline_col_layer2_weights_29  |        0|  32|   8|    0|    16|   32|     1|          512|
    |layer2_weights_3_U   |nn_inference_Pipeline_col_layer2_weights_3   |        0|  32|   8|    0|    16|   32|     1|          512|
    |layer2_weights_30_U  |nn_inference_Pipeline_col_layer2_weights_30  |        0|  32|   8|    0|    16|   32|     1|          512|
    |layer2_weights_31_U  |nn_inference_Pipeline_col_layer2_weights_31  |        0|  32|   8|    0|    16|   32|     1|          512|
    |layer2_weights_4_U   |nn_inference_Pipeline_col_layer2_weights_4   |        0|  32|   8|    0|    16|   32|     1|          512|
    |layer2_weights_5_U   |nn_inference_Pipeline_col_layer2_weights_5   |        0|  32|   8|    0|    16|   32|     1|          512|
    |layer2_weights_6_U   |nn_inference_Pipeline_col_layer2_weights_6   |        0|  32|   8|    0|    16|   32|     1|          512|
    |layer2_weights_7_U   |nn_inference_Pipeline_col_layer2_weights_7   |        0|  32|   8|    0|    16|   32|     1|          512|
    |layer2_weights_8_U   |nn_inference_Pipeline_col_layer2_weights_8   |        0|  32|   8|    0|    16|   32|     1|          512|
    |layer2_weights_9_U   |nn_inference_Pipeline_col_layer2_weights_9   |        0|  32|   8|    0|    16|   32|     1|          512|
    +---------------------+---------------------------------------------+---------+----+----+-----+------+-----+------+-------------+
    |Total                |                                             |        0|1024| 256|    0|   512| 1024|    32|        16384|
    +---------------------+---------------------------------------------+---------+----+----+-----+------+-----+------+-------------+

    * FIFO: 
    N/A

    * Expression: 
    +----------------------+----------+----+---+----+------------+------------+
    |     Variable Name    | Operation| DSP| FF| LUT| Bitwidth P0| Bitwidth P1|
    +----------------------+----------+----+---+----+------------+------------+
    |add_ln25_fu_1089_p2   |         +|   0|  0|  13|           5|           1|
    |icmp_ln25_fu_1083_p2  |      icmp|   0|  0|  10|           5|           6|
    |ap_enable_pp0         |       xor|   0|  0|   2|           1|           2|
    +----------------------+----------+----+---+----+------------+------------+
    |Total                 |          |   0|  0|  25|          11|           9|
    +----------------------+----------+----+---+----+------------+------------+

    * Multiplexer: 
    +-------------------------+----+-----------+-----+-----------+
    |           Name          | LUT| Input Size| Bits| Total Bits|
    +-------------------------+----+-----------+-----+-----------+
    |ap_done_int              |   9|          2|    1|          2|
    |ap_enable_reg_pp0_iter1  |   9|          2|    1|          2|
    |ap_sig_allocacmp_j_2     |   9|          2|    5|         10|
    |j_fu_160                 |   9|          2|    5|         10|
    +-------------------------+----+-----------+-----+-----------+
    |Total                    |  36|          8|   12|         24|
    +-------------------------+----+-----------+-----+-----------+

    * Register: 
    +-----------------------------------+----+----+-----+-----------+
    |                Name               | FF | LUT| Bits| Const Bits|
    +-----------------------------------+----+----+-----+-----------+
    |ap_CS_fsm                          |   1|   0|    1|          0|
    |ap_done_reg                        |   1|   0|    1|          0|
    |ap_enable_reg_pp0_iter1            |   1|   0|    1|          0|
    |ap_enable_reg_pp0_iter10           |   1|   0|    1|          0|
    |ap_enable_reg_pp0_iter11           |   1|   0|    1|          0|
    |ap_enable_reg_pp0_iter12           |   1|   0|    1|          0|
    |ap_enable_reg_pp0_iter13           |   1|   0|    1|          0|
    |ap_enable_reg_pp0_iter14           |   1|   0|    1|          0|
    |ap_enable_reg_pp0_iter15           |   1|   0|    1|          0|
    |ap_enable_reg_pp0_iter16           |   1|   0|    1|          0|
    |ap_enable_reg_pp0_iter17           |   1|   0|    1|          0|
    |ap_enable_reg_pp0_iter18           |   1|   0|    1|          0|
    |ap_enable_reg_pp0_iter19           |   1|   0|    1|          0|
    |ap_enable_reg_pp0_iter2            |   1|   0|    1|          0|
    |ap_enable_reg_pp0_iter20           |   1|   0|    1|          0|
    |ap_enable_reg_pp0_iter21           |   1|   0|    1|          0|
    |ap_enable_reg_pp0_iter22           |   1|   0|    1|          0|
    |ap_enable_reg_pp0_iter23           |   1|   0|    1|          0|
    |ap_enable_reg_pp0_iter24           |   1|   0|    1|          0|
    |ap_enable_reg_pp0_iter25           |   1|   0|    1|          0|
    |ap_enable_reg_pp0_iter26           |   1|   0|    1|          0|
    |ap_enable_reg_pp0_iter27           |   1|   0|    1|          0|
    |ap_enable_reg_pp0_iter28           |   1|   0|    1|          0|
    |ap_enable_reg_pp0_iter29           |   1|   0|    1|          0|
    |ap_enable_reg_pp0_iter3            |   1|   0|    1|          0|
    |ap_enable_reg_pp0_iter30           |   1|   0|    1|          0|
    |ap_enable_reg_pp0_iter31           |   1|   0|    1|          0|
    |ap_enable_reg_pp0_iter32           |   1|   0|    1|          0|
    |ap_enable_reg_pp0_iter33           |   1|   0|    1|          0|
    |ap_enable_reg_pp0_iter34           |   1|   0|    1|          0|
    |ap_enable_reg_pp0_iter35           |   1|   0|    1|          0|
    |ap_enable_reg_pp0_iter36           |   1|   0|    1|          0|
    |ap_enable_reg_pp0_iter37           |   1|   0|    1|          0|
    |ap_enable_reg_pp0_iter38           |   1|   0|    1|          0|
    |ap_enable_reg_pp0_iter39           |   1|   0|    1|          0|
    |ap_enable_reg_pp0_iter4            |   1|   0|    1|          0|
    |ap_enable_reg_pp0_iter40           |   1|   0|    1|          0|
    |ap_enable_reg_pp0_iter41           |   1|   0|    1|          0|
    |ap_enable_reg_pp0_iter42           |   1|   0|    1|          0|
    |ap_enable_reg_pp0_iter43           |   1|   0|    1|          0|
    |ap_enable_reg_pp0_iter44           |   1|   0|    1|          0|
    |ap_enable_reg_pp0_iter45           |   1|   0|    1|          0|
    |ap_enable_reg_pp0_iter46           |   1|   0|    1|          0|
    |ap_enable_reg_pp0_iter47           |   1|   0|    1|          0|
    |ap_enable_reg_pp0_iter48           |   1|   0|    1|          0|
    |ap_enable_reg_pp0_iter49           |   1|   0|    1|          0|
    |ap_enable_reg_pp0_iter5            |   1|   0|    1|          0|
    |ap_enable_reg_pp0_iter50           |   1|   0|    1|          0|
    |ap_enable_reg_pp0_iter51           |   1|   0|    1|          0|
    |ap_enable_reg_pp0_iter52           |   1|   0|    1|          0|
    |ap_enable_reg_pp0_iter53           |   1|   0|    1|          0|
    |ap_enable_reg_pp0_iter54           |   1|   0|    1|          0|
    |ap_enable_reg_pp0_iter55           |   1|   0|    1|          0|
    |ap_enable_reg_pp0_iter56           |   1|   0|    1|          0|
    |ap_enable_reg_pp0_iter57           |   1|   0|    1|          0|
    |ap_enable_reg_pp0_iter58           |   1|   0|    1|          0|
    |ap_enable_reg_pp0_iter59           |   1|   0|    1|          0|
    |ap_enable_reg_pp0_iter6            |   1|   0|    1|          0|
    |ap_enable_reg_pp0_iter60           |   1|   0|    1|          0|
    |ap_enable_reg_pp0_iter61           |   1|   0|    1|          0|
    |ap_enable_reg_pp0_iter62           |   1|   0|    1|          0|
    |ap_enable_reg_pp0_iter63           |   1|   0|    1|          0|
    |ap_enable_reg_pp0_iter64           |   1|   0|    1|          0|
    |ap_enable_reg_pp0_iter65           |   1|   0|    1|          0|
    |ap_enable_reg_pp0_iter66           |   1|   0|    1|          0|
    |ap_enable_reg_pp0_iter7            |   1|   0|    1|          0|
    |ap_enable_reg_pp0_iter8            |   1|   0|    1|          0|
    |ap_enable_reg_pp0_iter9            |   1|   0|    1|          0|
    |ap_loop_exit_ready_pp0_iter10_reg  |   1|   0|    1|          0|
    |ap_loop_exit_ready_pp0_iter11_reg  |   1|   0|    1|          0|
    |ap_loop_exit_ready_pp0_iter12_reg  |   1|   0|    1|          0|
    |ap_loop_exit_ready_pp0_iter13_reg  |   1|   0|    1|          0|
    |ap_loop_exit_ready_pp0_iter14_reg  |   1|   0|    1|          0|
    |ap_loop_exit_ready_pp0_iter15_reg  |   1|   0|    1|          0|
    |ap_loop_exit_ready_pp0_iter16_reg  |   1|   0|    1|          0|
    |ap_loop_exit_ready_pp0_iter17_reg  |   1|   0|    1|          0|
    |ap_loop_exit_ready_pp0_iter18_reg  |   1|   0|    1|          0|
    |ap_loop_exit_ready_pp0_iter19_reg  |   1|   0|    1|          0|
    |ap_loop_exit_ready_pp0_iter1_reg   |   1|   0|    1|          0|
    |ap_loop_exit_ready_pp0_iter20_reg  |   1|   0|    1|          0|
    |ap_loop_exit_ready_pp0_iter21_reg  |   1|   0|    1|          0|
    |ap_loop_exit_ready_pp0_iter22_reg  |   1|   0|    1|          0|
    |ap_loop_exit_ready_pp0_iter23_reg  |   1|   0|    1|          0|
    |ap_loop_exit_ready_pp0_iter24_reg  |   1|   0|    1|          0|
    |ap_loop_exit_ready_pp0_iter25_reg  |   1|   0|    1|          0|
    |ap_loop_exit_ready_pp0_iter26_reg  |   1|   0|    1|          0|
    |ap_loop_exit_ready_pp0_iter27_reg  |   1|   0|    1|          0|
    |ap_loop_exit_ready_pp0_iter28_reg  |   1|   0|    1|          0|
    |ap_loop_exit_ready_pp0_iter29_reg  |   1|   0|    1|          0|
    |ap_loop_exit_ready_pp0_iter2_reg   |   1|   0|    1|          0|
    |ap_loop_exit_ready_pp0_iter30_reg  |   1|   0|    1|          0|
    |ap_loop_exit_ready_pp0_iter31_reg  |   1|   0|    1|          0|
    |ap_loop_exit_ready_pp0_iter32_reg  |   1|   0|    1|          0|
    |ap_loop_exit_ready_pp0_iter33_reg  |   1|   0|    1|          0|
    |ap_loop_exit_ready_pp0_iter34_reg  |   1|   0|    1|          0|
    |ap_loop_exit_ready_pp0_iter35_reg  |   1|   0|    1|          0|
    |ap_loop_exit_ready_pp0_iter36_reg  |   1|   0|    1|          0|
    |ap_loop_exit_ready_pp0_iter37_reg  |   1|   0|    1|          0|
    |ap_loop_exit_ready_pp0_iter38_reg  |   1|   0|    1|          0|
    |ap_loop_exit_ready_pp0_iter39_reg  |   1|   0|    1|          0|
    |ap_loop_exit_ready_pp0_iter3_reg   |   1|   0|    1|          0|
    |ap_loop_exit_ready_pp0_iter40_reg  |   1|   0|    1|          0|
    |ap_loop_exit_ready_pp0_iter41_reg  |   1|   0|    1|          0|
    |ap_loop_exit_ready_pp0_iter42_reg  |   1|   0|    1|          0|
    |ap_loop_exit_ready_pp0_iter43_reg  |   1|   0|    1|          0|
    |ap_loop_exit_ready_pp0_iter44_reg  |   1|   0|    1|          0|
    |ap_loop_exit_ready_pp0_iter45_reg  |   1|   0|    1|          0|
    |ap_loop_exit_ready_pp0_iter46_reg  |   1|   0|    1|          0|
    |ap_loop_exit_ready_pp0_iter47_reg  |   1|   0|    1|          0|
    |ap_loop_exit_ready_pp0_iter48_reg  |   1|   0|    1|          0|
    |ap_loop_exit_ready_pp0_iter49_reg  |   1|   0|    1|          0|
    |ap_loop_exit_ready_pp0_iter4_reg   |   1|   0|    1|          0|
    |ap_loop_exit_ready_pp0_iter50_reg  |   1|   0|    1|          0|
    |ap_loop_exit_ready_pp0_iter51_reg  |   1|   0|    1|          0|
    |ap_loop_exit_ready_pp0_iter52_reg  |   1|   0|    1|          0|
    |ap_loop_exit_ready_pp0_iter53_reg  |   1|   0|    1|          0|
    |ap_loop_exit_ready_pp0_iter54_reg  |   1|   0|    1|          0|
    |ap_loop_exit_ready_pp0_iter55_reg  |   1|   0|    1|          0|
    |ap_loop_exit_ready_pp0_iter56_reg  |   1|   0|    1|          0|
    |ap_loop_exit_ready_pp0_iter57_reg  |   1|   0|    1|          0|
    |ap_loop_exit_ready_pp0_iter58_reg  |   1|   0|    1|          0|
    |ap_loop_exit_ready_pp0_iter59_reg  |   1|   0|    1|          0|
    |ap_loop_exit_ready_pp0_iter5_reg   |   1|   0|    1|          0|
    |ap_loop_exit_ready_pp0_iter60_reg  |   1|   0|    1|          0|
    |ap_loop_exit_ready_pp0_iter61_reg  |   1|   0|    1|          0|
    |ap_loop_exit_ready_pp0_iter62_reg  |   1|   0|    1|          0|
    |ap_loop_exit_ready_pp0_iter63_reg  |   1|   0|    1|          0|
    |ap_loop_exit_ready_pp0_iter64_reg  |   1|   0|    1|          0|
    |ap_loop_exit_ready_pp0_iter65_reg  |   1|   0|    1|          0|
    |ap_loop_exit_ready_pp0_iter6_reg   |   1|   0|    1|          0|
    |ap_loop_exit_ready_pp0_iter7_reg   |   1|   0|    1|          0|
    |ap_loop_exit_ready_pp0_iter8_reg   |   1|   0|    1|          0|
    |ap_loop_exit_ready_pp0_iter9_reg   |   1|   0|    1|          0|
    |j_cast_reg_1276                    |   5|   0|   64|         59|
    |j_fu_160                           |   5|   0|    5|          0|
    |mul_i_10_reg_1542                  |  32|   0|   32|          0|
    |mul_i_11_reg_1562                  |  32|   0|   32|          0|
    |mul_i_12_reg_1582                  |  32|   0|   32|          0|
    |mul_i_13_reg_1602                  |  32|   0|   32|          0|
    |mul_i_14_reg_1622                  |  32|   0|   32|          0|
    |mul_i_15_reg_1642                  |  32|   0|   32|          0|
    |mul_i_16_reg_1662                  |  32|   0|   32|          0|
    |mul_i_17_reg_1682                  |  32|   0|   32|          0|
    |mul_i_18_reg_1702                  |  32|   0|   32|          0|
    |mul_i_19_reg_1722                  |  32|   0|   32|          0|
    |mul_i_1_reg_1342                   |  32|   0|   32|          0|
    |mul_i_20_reg_1742                  |  32|   0|   32|          0|
    |mul_i_21_reg_1762                  |  32|   0|   32|          0|
    |mul_i_22_reg_1782                  |  32|   0|   32|          0|
    |mul_i_23_reg_1802                  |  32|   0|   32|          0|
    |mul_i_24_reg_1822                  |  32|   0|   32|          0|
    |mul_i_25_reg_1842                  |  32|   0|   32|          0|
    |mul_i_26_reg_1862                  |  32|   0|   32|          0|
    |mul_i_27_reg_1882                  |  32|   0|   32|          0|
    |mul_i_28_reg_1902                  |  32|   0|   32|          0|
    |mul_i_29_reg_1922                  |  32|   0|   32|          0|
    |mul_i_2_reg_1362                   |  32|   0|   32|          0|
    |mul_i_30_reg_1942                  |  32|   0|   32|          0|
    |mul_i_3_reg_1382                   |  32|   0|   32|          0|
    |mul_i_4_reg_1402                   |  32|   0|   32|          0|
    |mul_i_5_reg_1422                   |  32|   0|   32|          0|
    |mul_i_6_reg_1442                   |  32|   0|   32|          0|
    |mul_i_7_reg_1462                   |  32|   0|   32|          0|
    |mul_i_8_reg_1482                   |  32|   0|   32|          0|
    |mul_i_9_reg_1502                   |  32|   0|   32|          0|
    |mul_i_reg_1322                     |  32|   0|   32|          0|
    |mul_i_s_reg_1522                   |  32|   0|   32|          0|
    |sum_1_10_reg_1557                  |  32|   0|   32|          0|
    |sum_1_11_reg_1577                  |  32|   0|   32|          0|
    |sum_1_12_reg_1597                  |  32|   0|   32|          0|
    |sum_1_13_reg_1617                  |  32|   0|   32|          0|
    |sum_1_14_reg_1637                  |  32|   0|   32|          0|
    |sum_1_15_reg_1657                  |  32|   0|   32|          0|
    |sum_1_16_reg_1677                  |  32|   0|   32|          0|
    |sum_1_17_reg_1697                  |  32|   0|   32|          0|
    |sum_1_18_reg_1717                  |  32|   0|   32|          0|
    |sum_1_19_reg_1737                  |  32|   0|   32|          0|
    |sum_1_1_reg_1357                   |  32|   0|   32|          0|
    |sum_1_20_reg_1757                  |  32|   0|   32|          0|
    |sum_1_21_reg_1777                  |  32|   0|   32|          0|
    |sum_1_22_reg_1797                  |  32|   0|   32|          0|
    |sum_1_23_reg_1817                  |  32|   0|   32|          0|
    |sum_1_24_reg_1837                  |  32|   0|   32|          0|
    |sum_1_25_reg_1857                  |  32|   0|   32|          0|
    |sum_1_26_reg_1877                  |  32|   0|   32|          0|
    |sum_1_27_reg_1897                  |  32|   0|   32|          0|
    |sum_1_28_reg_1917                  |  32|   0|   32|          0|
    |sum_1_29_reg_1937                  |  32|   0|   32|          0|
    |sum_1_2_reg_1377                   |  32|   0|   32|          0|
    |sum_1_3_reg_1397                   |  32|   0|   32|          0|
    |sum_1_4_reg_1417                   |  32|   0|   32|          0|
    |sum_1_5_reg_1437                   |  32|   0|   32|          0|
    |sum_1_6_reg_1457                   |  32|   0|   32|          0|
    |sum_1_7_reg_1477                   |  32|   0|   32|          0|
    |sum_1_8_reg_1497                   |  32|   0|   32|          0|
    |sum_1_9_reg_1517                   |  32|   0|   32|          0|
    |sum_1_reg_1337                     |  32|   0|   32|          0|
    |sum_1_s_reg_1537                   |  32|   0|   32|          0|
    |j_cast_reg_1276                    |  64|  32|   64|         59|
    +-----------------------------------+----+----+-----+-----------+
    |Total                              |2223|  32| 2282|        118|
    +-----------------------------------+----+----+-----+-----------+



================================================================
== Interface
================================================================
* Summary: 
+-------------------------+-----+-----+------------+---------------------------+--------------+
|        RTL Ports        | Dir | Bits|  Protocol  |       Source Object       |    C Type    |
+-------------------------+-----+-----+------------+---------------------------+--------------+
|ap_clk                   |   in|    1|  ap_ctrl_hs|  nn_inference_Pipeline_col|  return value|
|ap_rst                   |   in|    1|  ap_ctrl_hs|  nn_inference_Pipeline_col|  return value|
|ap_start                 |   in|    1|  ap_ctrl_hs|  nn_inference_Pipeline_col|  return value|
|ap_done                  |  out|    1|  ap_ctrl_hs|  nn_inference_Pipeline_col|  return value|
|ap_idle                  |  out|    1|  ap_ctrl_hs|  nn_inference_Pipeline_col|  return value|
|ap_ready                 |  out|    1|  ap_ctrl_hs|  nn_inference_Pipeline_col|  return value|
|grp_fu_1448_p_din0       |  out|   32|  ap_ctrl_hs|  nn_inference_Pipeline_col|  return value|
|grp_fu_1448_p_din1       |  out|   32|  ap_ctrl_hs|  nn_inference_Pipeline_col|  return value|
|grp_fu_1448_p_opcode     |  out|    2|  ap_ctrl_hs|  nn_inference_Pipeline_col|  return value|
|grp_fu_1448_p_dout0      |   in|   32|  ap_ctrl_hs|  nn_inference_Pipeline_col|  return value|
|grp_fu_1448_p_ce         |  out|    1|  ap_ctrl_hs|  nn_inference_Pipeline_col|  return value|
|grp_fu_1452_p_din0       |  out|   32|  ap_ctrl_hs|  nn_inference_Pipeline_col|  return value|
|grp_fu_1452_p_din1       |  out|   32|  ap_ctrl_hs|  nn_inference_Pipeline_col|  return value|
|grp_fu_1452_p_opcode     |  out|    2|  ap_ctrl_hs|  nn_inference_Pipeline_col|  return value|
|grp_fu_1452_p_dout0      |   in|   32|  ap_ctrl_hs|  nn_inference_Pipeline_col|  return value|
|grp_fu_1452_p_ce         |  out|    1|  ap_ctrl_hs|  nn_inference_Pipeline_col|  return value|
|grp_fu_1456_p_din0       |  out|   32|  ap_ctrl_hs|  nn_inference_Pipeline_col|  return value|
|grp_fu_1456_p_din1       |  out|   32|  ap_ctrl_hs|  nn_inference_Pipeline_col|  return value|
|grp_fu_1456_p_opcode     |  out|    2|  ap_ctrl_hs|  nn_inference_Pipeline_col|  return value|
|grp_fu_1456_p_dout0      |   in|   32|  ap_ctrl_hs|  nn_inference_Pipeline_col|  return value|
|grp_fu_1456_p_ce         |  out|    1|  ap_ctrl_hs|  nn_inference_Pipeline_col|  return value|
|grp_fu_1460_p_din0       |  out|   32|  ap_ctrl_hs|  nn_inference_Pipeline_col|  return value|
|grp_fu_1460_p_din1       |  out|   32|  ap_ctrl_hs|  nn_inference_Pipeline_col|  return value|
|grp_fu_1460_p_opcode     |  out|    2|  ap_ctrl_hs|  nn_inference_Pipeline_col|  return value|
|grp_fu_1460_p_dout0      |   in|   32|  ap_ctrl_hs|  nn_inference_Pipeline_col|  return value|
|grp_fu_1460_p_ce         |  out|    1|  ap_ctrl_hs|  nn_inference_Pipeline_col|  return value|
|grp_fu_1464_p_din0       |  out|   32|  ap_ctrl_hs|  nn_inference_Pipeline_col|  return value|
|grp_fu_1464_p_din1       |  out|   32|  ap_ctrl_hs|  nn_inference_Pipeline_col|  return value|
|grp_fu_1464_p_opcode     |  out|    2|  ap_ctrl_hs|  nn_inference_Pipeline_col|  return value|
|grp_fu_1464_p_dout0      |   in|   32|  ap_ctrl_hs|  nn_inference_Pipeline_col|  return value|
|grp_fu_1464_p_ce         |  out|    1|  ap_ctrl_hs|  nn_inference_Pipeline_col|  return value|
|grp_fu_1468_p_din0       |  out|   32|  ap_ctrl_hs|  nn_inference_Pipeline_col|  return value|
|grp_fu_1468_p_din1       |  out|   32|  ap_ctrl_hs|  nn_inference_Pipeline_col|  return value|
|grp_fu_1468_p_opcode     |  out|    2|  ap_ctrl_hs|  nn_inference_Pipeline_col|  return value|
|grp_fu_1468_p_dout0      |   in|   32|  ap_ctrl_hs|  nn_inference_Pipeline_col|  return value|
|grp_fu_1468_p_ce         |  out|    1|  ap_ctrl_hs|  nn_inference_Pipeline_col|  return value|
|grp_fu_1472_p_din0       |  out|   32|  ap_ctrl_hs|  nn_inference_Pipeline_col|  return value|
|grp_fu_1472_p_din1       |  out|   32|  ap_ctrl_hs|  nn_inference_Pipeline_col|  return value|
|grp_fu_1472_p_opcode     |  out|    2|  ap_ctrl_hs|  nn_inference_Pipeline_col|  return value|
|grp_fu_1472_p_dout0      |   in|   32|  ap_ctrl_hs|  nn_inference_Pipeline_col|  return value|
|grp_fu_1472_p_ce         |  out|    1|  ap_ctrl_hs|  nn_inference_Pipeline_col|  return value|
|grp_fu_1476_p_din0       |  out|   32|  ap_ctrl_hs|  nn_inference_Pipeline_col|  return value|
|grp_fu_1476_p_din1       |  out|   32|  ap_ctrl_hs|  nn_inference_Pipeline_col|  return value|
|grp_fu_1476_p_opcode     |  out|    2|  ap_ctrl_hs|  nn_inference_Pipeline_col|  return value|
|grp_fu_1476_p_dout0      |   in|   32|  ap_ctrl_hs|  nn_inference_Pipeline_col|  return value|
|grp_fu_1476_p_ce         |  out|    1|  ap_ctrl_hs|  nn_inference_Pipeline_col|  return value|
|grp_fu_1480_p_din0       |  out|   32|  ap_ctrl_hs|  nn_inference_Pipeline_col|  return value|
|grp_fu_1480_p_din1       |  out|   32|  ap_ctrl_hs|  nn_inference_Pipeline_col|  return value|
|grp_fu_1480_p_opcode     |  out|    2|  ap_ctrl_hs|  nn_inference_Pipeline_col|  return value|
|grp_fu_1480_p_dout0      |   in|   32|  ap_ctrl_hs|  nn_inference_Pipeline_col|  return value|
|grp_fu_1480_p_ce         |  out|    1|  ap_ctrl_hs|  nn_inference_Pipeline_col|  return value|
|grp_fu_1484_p_din0       |  out|   32|  ap_ctrl_hs|  nn_inference_Pipeline_col|  return value|
|grp_fu_1484_p_din1       |  out|   32|  ap_ctrl_hs|  nn_inference_Pipeline_col|  return value|
|grp_fu_1484_p_opcode     |  out|    2|  ap_ctrl_hs|  nn_inference_Pipeline_col|  return value|
|grp_fu_1484_p_dout0      |   in|   32|  ap_ctrl_hs|  nn_inference_Pipeline_col|  return value|
|grp_fu_1484_p_ce         |  out|    1|  ap_ctrl_hs|  nn_inference_Pipeline_col|  return value|
|grp_fu_1488_p_din0       |  out|   32|  ap_ctrl_hs|  nn_inference_Pipeline_col|  return value|
|grp_fu_1488_p_din1       |  out|   32|  ap_ctrl_hs|  nn_inference_Pipeline_col|  return value|
|grp_fu_1488_p_opcode     |  out|    2|  ap_ctrl_hs|  nn_inference_Pipeline_col|  return value|
|grp_fu_1488_p_dout0      |   in|   32|  ap_ctrl_hs|  nn_inference_Pipeline_col|  return value|
|grp_fu_1488_p_ce         |  out|    1|  ap_ctrl_hs|  nn_inference_Pipeline_col|  return value|
|grp_fu_1492_p_din0       |  out|   32|  ap_ctrl_hs|  nn_inference_Pipeline_col|  return value|
|grp_fu_1492_p_din1       |  out|   32|  ap_ctrl_hs|  nn_inference_Pipeline_col|  return value|
|grp_fu_1492_p_opcode     |  out|    2|  ap_ctrl_hs|  nn_inference_Pipeline_col|  return value|
|grp_fu_1492_p_dout0      |   in|   32|  ap_ctrl_hs|  nn_inference_Pipeline_col|  return value|
|grp_fu_1492_p_ce         |  out|    1|  ap_ctrl_hs|  nn_inference_Pipeline_col|  return value|
|grp_fu_1496_p_din0       |  out|   32|  ap_ctrl_hs|  nn_inference_Pipeline_col|  return value|
|grp_fu_1496_p_din1       |  out|   32|  ap_ctrl_hs|  nn_inference_Pipeline_col|  return value|
|grp_fu_1496_p_opcode     |  out|    2|  ap_ctrl_hs|  nn_inference_Pipeline_col|  return value|
|grp_fu_1496_p_dout0      |   in|   32|  ap_ctrl_hs|  nn_inference_Pipeline_col|  return value|
|grp_fu_1496_p_ce         |  out|    1|  ap_ctrl_hs|  nn_inference_Pipeline_col|  return value|
|grp_fu_1500_p_din0       |  out|   32|  ap_ctrl_hs|  nn_inference_Pipeline_col|  return value|
|grp_fu_1500_p_din1       |  out|   32|  ap_ctrl_hs|  nn_inference_Pipeline_col|  return value|
|grp_fu_1500_p_opcode     |  out|    2|  ap_ctrl_hs|  nn_inference_Pipeline_col|  return value|
|grp_fu_1500_p_dout0      |   in|   32|  ap_ctrl_hs|  nn_inference_Pipeline_col|  return value|
|grp_fu_1500_p_ce         |  out|    1|  ap_ctrl_hs|  nn_inference_Pipeline_col|  return value|
|grp_fu_1504_p_din0       |  out|   32|  ap_ctrl_hs|  nn_inference_Pipeline_col|  return value|
|grp_fu_1504_p_din1       |  out|   32|  ap_ctrl_hs|  nn_inference_Pipeline_col|  return value|
|grp_fu_1504_p_opcode     |  out|    2|  ap_ctrl_hs|  nn_inference_Pipeline_col|  return value|
|grp_fu_1504_p_dout0      |   in|   32|  ap_ctrl_hs|  nn_inference_Pipeline_col|  return value|
|grp_fu_1504_p_ce         |  out|    1|  ap_ctrl_hs|  nn_inference_Pipeline_col|  return value|
|grp_fu_1508_p_din0       |  out|   32|  ap_ctrl_hs|  nn_inference_Pipeline_col|  return value|
|grp_fu_1508_p_din1       |  out|   32|  ap_ctrl_hs|  nn_inference_Pipeline_col|  return value|
|grp_fu_1508_p_opcode     |  out|    2|  ap_ctrl_hs|  nn_inference_Pipeline_col|  return value|
|grp_fu_1508_p_dout0      |   in|   32|  ap_ctrl_hs|  nn_inference_Pipeline_col|  return value|
|grp_fu_1508_p_ce         |  out|    1|  ap_ctrl_hs|  nn_inference_Pipeline_col|  return value|
|grp_fu_1512_p_din0       |  out|   32|  ap_ctrl_hs|  nn_inference_Pipeline_col|  return value|
|grp_fu_1512_p_din1       |  out|   32|  ap_ctrl_hs|  nn_inference_Pipeline_col|  return value|
|grp_fu_1512_p_opcode     |  out|    2|  ap_ctrl_hs|  nn_inference_Pipeline_col|  return value|
|grp_fu_1512_p_dout0      |   in|   32|  ap_ctrl_hs|  nn_inference_Pipeline_col|  return value|
|grp_fu_1512_p_ce         |  out|    1|  ap_ctrl_hs|  nn_inference_Pipeline_col|  return value|
|grp_fu_1516_p_din0       |  out|   32|  ap_ctrl_hs|  nn_inference_Pipeline_col|  return value|
|grp_fu_1516_p_din1       |  out|   32|  ap_ctrl_hs|  nn_inference_Pipeline_col|  return value|
|grp_fu_1516_p_opcode     |  out|    2|  ap_ctrl_hs|  nn_inference_Pipeline_col|  return value|
|grp_fu_1516_p_dout0      |   in|   32|  ap_ctrl_hs|  nn_inference_Pipeline_col|  return value|
|grp_fu_1516_p_ce         |  out|    1|  ap_ctrl_hs|  nn_inference_Pipeline_col|  return value|
|grp_fu_1520_p_din0       |  out|   32|  ap_ctrl_hs|  nn_inference_Pipeline_col|  return value|
|grp_fu_1520_p_din1       |  out|   32|  ap_ctrl_hs|  nn_inference_Pipeline_col|  return value|
|grp_fu_1520_p_opcode     |  out|    2|  ap_ctrl_hs|  nn_inference_Pipeline_col|  return value|
|grp_fu_1520_p_dout0      |   in|   32|  ap_ctrl_hs|  nn_inference_Pipeline_col|  return value|
|grp_fu_1520_p_ce         |  out|    1|  ap_ctrl_hs|  nn_inference_Pipeline_col|  return value|
|grp_fu_1524_p_din0       |  out|   32|  ap_ctrl_hs|  nn_inference_Pipeline_col|  return value|
|grp_fu_1524_p_din1       |  out|   32|  ap_ctrl_hs|  nn_inference_Pipeline_col|  return value|
|grp_fu_1524_p_opcode     |  out|    2|  ap_ctrl_hs|  nn_inference_Pipeline_col|  return value|
|grp_fu_1524_p_dout0      |   in|   32|  ap_ctrl_hs|  nn_inference_Pipeline_col|  return value|
|grp_fu_1524_p_ce         |  out|    1|  ap_ctrl_hs|  nn_inference_Pipeline_col|  return value|
|grp_fu_1528_p_din0       |  out|   32|  ap_ctrl_hs|  nn_inference_Pipeline_col|  return value|
|grp_fu_1528_p_din1       |  out|   32|  ap_ctrl_hs|  nn_inference_Pipeline_col|  return value|
|grp_fu_1528_p_opcode     |  out|    2|  ap_ctrl_hs|  nn_inference_Pipeline_col|  return value|
|grp_fu_1528_p_dout0      |   in|   32|  ap_ctrl_hs|  nn_inference_Pipeline_col|  return value|
|grp_fu_1528_p_ce         |  out|    1|  ap_ctrl_hs|  nn_inference_Pipeline_col|  return value|
|grp_fu_1532_p_din0       |  out|   32|  ap_ctrl_hs|  nn_inference_Pipeline_col|  return value|
|grp_fu_1532_p_din1       |  out|   32|  ap_ctrl_hs|  nn_inference_Pipeline_col|  return value|
|grp_fu_1532_p_opcode     |  out|    2|  ap_ctrl_hs|  nn_inference_Pipeline_col|  return value|
|grp_fu_1532_p_dout0      |   in|   32|  ap_ctrl_hs|  nn_inference_Pipeline_col|  return value|
|grp_fu_1532_p_ce         |  out|    1|  ap_ctrl_hs|  nn_inference_Pipeline_col|  return value|
|grp_fu_1536_p_din0       |  out|   32|  ap_ctrl_hs|  nn_inference_Pipeline_col|  return value|
|grp_fu_1536_p_din1       |  out|   32|  ap_ctrl_hs|  nn_inference_Pipeline_col|  return value|
|grp_fu_1536_p_opcode     |  out|    2|  ap_ctrl_hs|  nn_inference_Pipeline_col|  return value|
|grp_fu_1536_p_dout0      |   in|   32|  ap_ctrl_hs|  nn_inference_Pipeline_col|  return value|
|grp_fu_1536_p_ce         |  out|    1|  ap_ctrl_hs|  nn_inference_Pipeline_col|  return value|
|grp_fu_1540_p_din0       |  out|   32|  ap_ctrl_hs|  nn_inference_Pipeline_col|  return value|
|grp_fu_1540_p_din1       |  out|   32|  ap_ctrl_hs|  nn_inference_Pipeline_col|  return value|
|grp_fu_1540_p_opcode     |  out|    2|  ap_ctrl_hs|  nn_inference_Pipeline_col|  return value|
|grp_fu_1540_p_dout0      |   in|   32|  ap_ctrl_hs|  nn_inference_Pipeline_col|  return value|
|grp_fu_1540_p_ce         |  out|    1|  ap_ctrl_hs|  nn_inference_Pipeline_col|  return value|
|grp_fu_1544_p_din0       |  out|   32|  ap_ctrl_hs|  nn_inference_Pipeline_col|  return value|
|grp_fu_1544_p_din1       |  out|   32|  ap_ctrl_hs|  nn_inference_Pipeline_col|  return value|
|grp_fu_1544_p_opcode     |  out|    2|  ap_ctrl_hs|  nn_inference_Pipeline_col|  return value|
|grp_fu_1544_p_dout0      |   in|   32|  ap_ctrl_hs|  nn_inference_Pipeline_col|  return value|
|grp_fu_1544_p_ce         |  out|    1|  ap_ctrl_hs|  nn_inference_Pipeline_col|  return value|
|grp_fu_1548_p_din0       |  out|   32|  ap_ctrl_hs|  nn_inference_Pipeline_col|  return value|
|grp_fu_1548_p_din1       |  out|   32|  ap_ctrl_hs|  nn_inference_Pipeline_col|  return value|
|grp_fu_1548_p_opcode     |  out|    2|  ap_ctrl_hs|  nn_inference_Pipeline_col|  return value|
|grp_fu_1548_p_dout0      |   in|   32|  ap_ctrl_hs|  nn_inference_Pipeline_col|  return value|
|grp_fu_1548_p_ce         |  out|    1|  ap_ctrl_hs|  nn_inference_Pipeline_col|  return value|
|grp_fu_1552_p_din0       |  out|   32|  ap_ctrl_hs|  nn_inference_Pipeline_col|  return value|
|grp_fu_1552_p_din1       |  out|   32|  ap_ctrl_hs|  nn_inference_Pipeline_col|  return value|
|grp_fu_1552_p_opcode     |  out|    2|  ap_ctrl_hs|  nn_inference_Pipeline_col|  return value|
|grp_fu_1552_p_dout0      |   in|   32|  ap_ctrl_hs|  nn_inference_Pipeline_col|  return value|
|grp_fu_1552_p_ce         |  out|    1|  ap_ctrl_hs|  nn_inference_Pipeline_col|  return value|
|grp_fu_1556_p_din0       |  out|   32|  ap_ctrl_hs|  nn_inference_Pipeline_col|  return value|
|grp_fu_1556_p_din1       |  out|   32|  ap_ctrl_hs|  nn_inference_Pipeline_col|  return value|
|grp_fu_1556_p_opcode     |  out|    2|  ap_ctrl_hs|  nn_inference_Pipeline_col|  return value|
|grp_fu_1556_p_dout0      |   in|   32|  ap_ctrl_hs|  nn_inference_Pipeline_col|  return value|
|grp_fu_1556_p_ce         |  out|    1|  ap_ctrl_hs|  nn_inference_Pipeline_col|  return value|
|grp_fu_1560_p_din0       |  out|   32|  ap_ctrl_hs|  nn_inference_Pipeline_col|  return value|
|grp_fu_1560_p_din1       |  out|   32|  ap_ctrl_hs|  nn_inference_Pipeline_col|  return value|
|grp_fu_1560_p_opcode     |  out|    2|  ap_ctrl_hs|  nn_inference_Pipeline_col|  return value|
|grp_fu_1560_p_dout0      |   in|   32|  ap_ctrl_hs|  nn_inference_Pipeline_col|  return value|
|grp_fu_1560_p_ce         |  out|    1|  ap_ctrl_hs|  nn_inference_Pipeline_col|  return value|
|grp_fu_1564_p_din0       |  out|   32|  ap_ctrl_hs|  nn_inference_Pipeline_col|  return value|
|grp_fu_1564_p_din1       |  out|   32|  ap_ctrl_hs|  nn_inference_Pipeline_col|  return value|
|grp_fu_1564_p_opcode     |  out|    2|  ap_ctrl_hs|  nn_inference_Pipeline_col|  return value|
|grp_fu_1564_p_dout0      |   in|   32|  ap_ctrl_hs|  nn_inference_Pipeline_col|  return value|
|grp_fu_1564_p_ce         |  out|    1|  ap_ctrl_hs|  nn_inference_Pipeline_col|  return value|
|grp_fu_1568_p_din0       |  out|   32|  ap_ctrl_hs|  nn_inference_Pipeline_col|  return value|
|grp_fu_1568_p_din1       |  out|   32|  ap_ctrl_hs|  nn_inference_Pipeline_col|  return value|
|grp_fu_1568_p_opcode     |  out|    2|  ap_ctrl_hs|  nn_inference_Pipeline_col|  return value|
|grp_fu_1568_p_dout0      |   in|   32|  ap_ctrl_hs|  nn_inference_Pipeline_col|  return value|
|grp_fu_1568_p_ce         |  out|    1|  ap_ctrl_hs|  nn_inference_Pipeline_col|  return value|
|grp_fu_1572_p_din0       |  out|   32|  ap_ctrl_hs|  nn_inference_Pipeline_col|  return value|
|grp_fu_1572_p_din1       |  out|   32|  ap_ctrl_hs|  nn_inference_Pipeline_col|  return value|
|grp_fu_1572_p_opcode     |  out|    2|  ap_ctrl_hs|  nn_inference_Pipeline_col|  return value|
|grp_fu_1572_p_dout0      |   in|   32|  ap_ctrl_hs|  nn_inference_Pipeline_col|  return value|
|grp_fu_1572_p_ce         |  out|    1|  ap_ctrl_hs|  nn_inference_Pipeline_col|  return value|
|grp_fu_1576_p_din0       |  out|   32|  ap_ctrl_hs|  nn_inference_Pipeline_col|  return value|
|grp_fu_1576_p_din1       |  out|   32|  ap_ctrl_hs|  nn_inference_Pipeline_col|  return value|
|grp_fu_1576_p_dout0      |   in|   32|  ap_ctrl_hs|  nn_inference_Pipeline_col|  return value|
|grp_fu_1576_p_ce         |  out|    1|  ap_ctrl_hs|  nn_inference_Pipeline_col|  return value|
|grp_fu_1580_p_din0       |  out|   32|  ap_ctrl_hs|  nn_inference_Pipeline_col|  return value|
|grp_fu_1580_p_din1       |  out|   32|  ap_ctrl_hs|  nn_inference_Pipeline_col|  return value|
|grp_fu_1580_p_dout0      |   in|   32|  ap_ctrl_hs|  nn_inference_Pipeline_col|  return value|
|grp_fu_1580_p_ce         |  out|    1|  ap_ctrl_hs|  nn_inference_Pipeline_col|  return value|
|grp_fu_1584_p_din0       |  out|   32|  ap_ctrl_hs|  nn_inference_Pipeline_col|  return value|
|grp_fu_1584_p_din1       |  out|   32|  ap_ctrl_hs|  nn_inference_Pipeline_col|  return value|
|grp_fu_1584_p_dout0      |   in|   32|  ap_ctrl_hs|  nn_inference_Pipeline_col|  return value|
|grp_fu_1584_p_ce         |  out|    1|  ap_ctrl_hs|  nn_inference_Pipeline_col|  return value|
|grp_fu_1588_p_din0       |  out|   32|  ap_ctrl_hs|  nn_inference_Pipeline_col|  return value|
|grp_fu_1588_p_din1       |  out|   32|  ap_ctrl_hs|  nn_inference_Pipeline_col|  return value|
|grp_fu_1588_p_dout0      |   in|   32|  ap_ctrl_hs|  nn_inference_Pipeline_col|  return value|
|grp_fu_1588_p_ce         |  out|    1|  ap_ctrl_hs|  nn_inference_Pipeline_col|  return value|
|grp_fu_1592_p_din0       |  out|   32|  ap_ctrl_hs|  nn_inference_Pipeline_col|  return value|
|grp_fu_1592_p_din1       |  out|   32|  ap_ctrl_hs|  nn_inference_Pipeline_col|  return value|
|grp_fu_1592_p_dout0      |   in|   32|  ap_ctrl_hs|  nn_inference_Pipeline_col|  return value|
|grp_fu_1592_p_ce         |  out|    1|  ap_ctrl_hs|  nn_inference_Pipeline_col|  return value|
|grp_fu_1596_p_din0       |  out|   32|  ap_ctrl_hs|  nn_inference_Pipeline_col|  return value|
|grp_fu_1596_p_din1       |  out|   32|  ap_ctrl_hs|  nn_inference_Pipeline_col|  return value|
|grp_fu_1596_p_dout0      |   in|   32|  ap_ctrl_hs|  nn_inference_Pipeline_col|  return value|
|grp_fu_1596_p_ce         |  out|    1|  ap_ctrl_hs|  nn_inference_Pipeline_col|  return value|
|grp_fu_1600_p_din0       |  out|   32|  ap_ctrl_hs|  nn_inference_Pipeline_col|  return value|
|grp_fu_1600_p_din1       |  out|   32|  ap_ctrl_hs|  nn_inference_Pipeline_col|  return value|
|grp_fu_1600_p_dout0      |   in|   32|  ap_ctrl_hs|  nn_inference_Pipeline_col|  return value|
|grp_fu_1600_p_ce         |  out|    1|  ap_ctrl_hs|  nn_inference_Pipeline_col|  return value|
|grp_fu_1604_p_din0       |  out|   32|  ap_ctrl_hs|  nn_inference_Pipeline_col|  return value|
|grp_fu_1604_p_din1       |  out|   32|  ap_ctrl_hs|  nn_inference_Pipeline_col|  return value|
|grp_fu_1604_p_dout0      |   in|   32|  ap_ctrl_hs|  nn_inference_Pipeline_col|  return value|
|grp_fu_1604_p_ce         |  out|    1|  ap_ctrl_hs|  nn_inference_Pipeline_col|  return value|
|grp_fu_1608_p_din0       |  out|   32|  ap_ctrl_hs|  nn_inference_Pipeline_col|  return value|
|grp_fu_1608_p_din1       |  out|   32|  ap_ctrl_hs|  nn_inference_Pipeline_col|  return value|
|grp_fu_1608_p_dout0      |   in|   32|  ap_ctrl_hs|  nn_inference_Pipeline_col|  return value|
|grp_fu_1608_p_ce         |  out|    1|  ap_ctrl_hs|  nn_inference_Pipeline_col|  return value|
|grp_fu_1612_p_din0       |  out|   32|  ap_ctrl_hs|  nn_inference_Pipeline_col|  return value|
|grp_fu_1612_p_din1       |  out|   32|  ap_ctrl_hs|  nn_inference_Pipeline_col|  return value|
|grp_fu_1612_p_dout0      |   in|   32|  ap_ctrl_hs|  nn_inference_Pipeline_col|  return value|
|grp_fu_1612_p_ce         |  out|    1|  ap_ctrl_hs|  nn_inference_Pipeline_col|  return value|
|grp_fu_1616_p_din0       |  out|   32|  ap_ctrl_hs|  nn_inference_Pipeline_col|  return value|
|grp_fu_1616_p_din1       |  out|   32|  ap_ctrl_hs|  nn_inference_Pipeline_col|  return value|
|grp_fu_1616_p_dout0      |   in|   32|  ap_ctrl_hs|  nn_inference_Pipeline_col|  return value|
|grp_fu_1616_p_ce         |  out|    1|  ap_ctrl_hs|  nn_inference_Pipeline_col|  return value|
|grp_fu_1620_p_din0       |  out|   32|  ap_ctrl_hs|  nn_inference_Pipeline_col|  return value|
|grp_fu_1620_p_din1       |  out|   32|  ap_ctrl_hs|  nn_inference_Pipeline_col|  return value|
|grp_fu_1620_p_dout0      |   in|   32|  ap_ctrl_hs|  nn_inference_Pipeline_col|  return value|
|grp_fu_1620_p_ce         |  out|    1|  ap_ctrl_hs|  nn_inference_Pipeline_col|  return value|
|grp_fu_1624_p_din0       |  out|   32|  ap_ctrl_hs|  nn_inference_Pipeline_col|  return value|
|grp_fu_1624_p_din1       |  out|   32|  ap_ctrl_hs|  nn_inference_Pipeline_col|  return value|
|grp_fu_1624_p_dout0      |   in|   32|  ap_ctrl_hs|  nn_inference_Pipeline_col|  return value|
|grp_fu_1624_p_ce         |  out|    1|  ap_ctrl_hs|  nn_inference_Pipeline_col|  return value|
|grp_fu_1628_p_din0       |  out|   32|  ap_ctrl_hs|  nn_inference_Pipeline_col|  return value|
|grp_fu_1628_p_din1       |  out|   32|  ap_ctrl_hs|  nn_inference_Pipeline_col|  return value|
|grp_fu_1628_p_dout0      |   in|   32|  ap_ctrl_hs|  nn_inference_Pipeline_col|  return value|
|grp_fu_1628_p_ce         |  out|    1|  ap_ctrl_hs|  nn_inference_Pipeline_col|  return value|
|grp_fu_1632_p_din0       |  out|   32|  ap_ctrl_hs|  nn_inference_Pipeline_col|  return value|
|grp_fu_1632_p_din1       |  out|   32|  ap_ctrl_hs|  nn_inference_Pipeline_col|  return value|
|grp_fu_1632_p_dout0      |   in|   32|  ap_ctrl_hs|  nn_inference_Pipeline_col|  return value|
|grp_fu_1632_p_ce         |  out|    1|  ap_ctrl_hs|  nn_inference_Pipeline_col|  return value|
|grp_fu_1636_p_din0       |  out|   32|  ap_ctrl_hs|  nn_inference_Pipeline_col|  return value|
|grp_fu_1636_p_din1       |  out|   32|  ap_ctrl_hs|  nn_inference_Pipeline_col|  return value|
|grp_fu_1636_p_dout0      |   in|   32|  ap_ctrl_hs|  nn_inference_Pipeline_col|  return value|
|grp_fu_1636_p_ce         |  out|    1|  ap_ctrl_hs|  nn_inference_Pipeline_col|  return value|
|grp_fu_1640_p_din0       |  out|   32|  ap_ctrl_hs|  nn_inference_Pipeline_col|  return value|
|grp_fu_1640_p_din1       |  out|   32|  ap_ctrl_hs|  nn_inference_Pipeline_col|  return value|
|grp_fu_1640_p_dout0      |   in|   32|  ap_ctrl_hs|  nn_inference_Pipeline_col|  return value|
|grp_fu_1640_p_ce         |  out|    1|  ap_ctrl_hs|  nn_inference_Pipeline_col|  return value|
|grp_fu_1644_p_din0       |  out|   32|  ap_ctrl_hs|  nn_inference_Pipeline_col|  return value|
|grp_fu_1644_p_din1       |  out|   32|  ap_ctrl_hs|  nn_inference_Pipeline_col|  return value|
|grp_fu_1644_p_dout0      |   in|   32|  ap_ctrl_hs|  nn_inference_Pipeline_col|  return value|
|grp_fu_1644_p_ce         |  out|    1|  ap_ctrl_hs|  nn_inference_Pipeline_col|  return value|
|grp_fu_1648_p_din0       |  out|   32|  ap_ctrl_hs|  nn_inference_Pipeline_col|  return value|
|grp_fu_1648_p_din1       |  out|   32|  ap_ctrl_hs|  nn_inference_Pipeline_col|  return value|
|grp_fu_1648_p_dout0      |   in|   32|  ap_ctrl_hs|  nn_inference_Pipeline_col|  return value|
|grp_fu_1648_p_ce         |  out|    1|  ap_ctrl_hs|  nn_inference_Pipeline_col|  return value|
|grp_fu_1652_p_din0       |  out|   32|  ap_ctrl_hs|  nn_inference_Pipeline_col|  return value|
|grp_fu_1652_p_din1       |  out|   32|  ap_ctrl_hs|  nn_inference_Pipeline_col|  return value|
|grp_fu_1652_p_dout0      |   in|   32|  ap_ctrl_hs|  nn_inference_Pipeline_col|  return value|
|grp_fu_1652_p_ce         |  out|    1|  ap_ctrl_hs|  nn_inference_Pipeline_col|  return value|
|grp_fu_1656_p_din0       |  out|   32|  ap_ctrl_hs|  nn_inference_Pipeline_col|  return value|
|grp_fu_1656_p_din1       |  out|   32|  ap_ctrl_hs|  nn_inference_Pipeline_col|  return value|
|grp_fu_1656_p_dout0      |   in|   32|  ap_ctrl_hs|  nn_inference_Pipeline_col|  return value|
|grp_fu_1656_p_ce         |  out|    1|  ap_ctrl_hs|  nn_inference_Pipeline_col|  return value|
|grp_fu_1660_p_din0       |  out|   32|  ap_ctrl_hs|  nn_inference_Pipeline_col|  return value|
|grp_fu_1660_p_din1       |  out|   32|  ap_ctrl_hs|  nn_inference_Pipeline_col|  return value|
|grp_fu_1660_p_dout0      |   in|   32|  ap_ctrl_hs|  nn_inference_Pipeline_col|  return value|
|grp_fu_1660_p_ce         |  out|    1|  ap_ctrl_hs|  nn_inference_Pipeline_col|  return value|
|grp_fu_1664_p_din0       |  out|   32|  ap_ctrl_hs|  nn_inference_Pipeline_col|  return value|
|grp_fu_1664_p_din1       |  out|   32|  ap_ctrl_hs|  nn_inference_Pipeline_col|  return value|
|grp_fu_1664_p_dout0      |   in|   32|  ap_ctrl_hs|  nn_inference_Pipeline_col|  return value|
|grp_fu_1664_p_ce         |  out|    1|  ap_ctrl_hs|  nn_inference_Pipeline_col|  return value|
|grp_fu_1668_p_din0       |  out|   32|  ap_ctrl_hs|  nn_inference_Pipeline_col|  return value|
|grp_fu_1668_p_din1       |  out|   32|  ap_ctrl_hs|  nn_inference_Pipeline_col|  return value|
|grp_fu_1668_p_dout0      |   in|   32|  ap_ctrl_hs|  nn_inference_Pipeline_col|  return value|
|grp_fu_1668_p_ce         |  out|    1|  ap_ctrl_hs|  nn_inference_Pipeline_col|  return value|
|grp_fu_1672_p_din0       |  out|   32|  ap_ctrl_hs|  nn_inference_Pipeline_col|  return value|
|grp_fu_1672_p_din1       |  out|   32|  ap_ctrl_hs|  nn_inference_Pipeline_col|  return value|
|grp_fu_1672_p_dout0      |   in|   32|  ap_ctrl_hs|  nn_inference_Pipeline_col|  return value|
|grp_fu_1672_p_ce         |  out|    1|  ap_ctrl_hs|  nn_inference_Pipeline_col|  return value|
|grp_fu_1676_p_din0       |  out|   32|  ap_ctrl_hs|  nn_inference_Pipeline_col|  return value|
|grp_fu_1676_p_din1       |  out|   32|  ap_ctrl_hs|  nn_inference_Pipeline_col|  return value|
|grp_fu_1676_p_dout0      |   in|   32|  ap_ctrl_hs|  nn_inference_Pipeline_col|  return value|
|grp_fu_1676_p_ce         |  out|    1|  ap_ctrl_hs|  nn_inference_Pipeline_col|  return value|
|grp_fu_1680_p_din0       |  out|   32|  ap_ctrl_hs|  nn_inference_Pipeline_col|  return value|
|grp_fu_1680_p_din1       |  out|   32|  ap_ctrl_hs|  nn_inference_Pipeline_col|  return value|
|grp_fu_1680_p_dout0      |   in|   32|  ap_ctrl_hs|  nn_inference_Pipeline_col|  return value|
|grp_fu_1680_p_ce         |  out|    1|  ap_ctrl_hs|  nn_inference_Pipeline_col|  return value|
|grp_fu_1684_p_din0       |  out|   32|  ap_ctrl_hs|  nn_inference_Pipeline_col|  return value|
|grp_fu_1684_p_din1       |  out|   32|  ap_ctrl_hs|  nn_inference_Pipeline_col|  return value|
|grp_fu_1684_p_dout0      |   in|   32|  ap_ctrl_hs|  nn_inference_Pipeline_col|  return value|
|grp_fu_1684_p_ce         |  out|    1|  ap_ctrl_hs|  nn_inference_Pipeline_col|  return value|
|grp_fu_1688_p_din0       |  out|   32|  ap_ctrl_hs|  nn_inference_Pipeline_col|  return value|
|grp_fu_1688_p_din1       |  out|   32|  ap_ctrl_hs|  nn_inference_Pipeline_col|  return value|
|grp_fu_1688_p_dout0      |   in|   32|  ap_ctrl_hs|  nn_inference_Pipeline_col|  return value|
|grp_fu_1688_p_ce         |  out|    1|  ap_ctrl_hs|  nn_inference_Pipeline_col|  return value|
|grp_fu_1692_p_din0       |  out|   32|  ap_ctrl_hs|  nn_inference_Pipeline_col|  return value|
|grp_fu_1692_p_din1       |  out|   32|  ap_ctrl_hs|  nn_inference_Pipeline_col|  return value|
|grp_fu_1692_p_dout0      |   in|   32|  ap_ctrl_hs|  nn_inference_Pipeline_col|  return value|
|grp_fu_1692_p_ce         |  out|    1|  ap_ctrl_hs|  nn_inference_Pipeline_col|  return value|
|grp_fu_1696_p_din0       |  out|   32|  ap_ctrl_hs|  nn_inference_Pipeline_col|  return value|
|grp_fu_1696_p_din1       |  out|   32|  ap_ctrl_hs|  nn_inference_Pipeline_col|  return value|
|grp_fu_1696_p_dout0      |   in|   32|  ap_ctrl_hs|  nn_inference_Pipeline_col|  return value|
|grp_fu_1696_p_ce         |  out|    1|  ap_ctrl_hs|  nn_inference_Pipeline_col|  return value|
|grp_fu_1700_p_din0       |  out|   32|  ap_ctrl_hs|  nn_inference_Pipeline_col|  return value|
|grp_fu_1700_p_din1       |  out|   32|  ap_ctrl_hs|  nn_inference_Pipeline_col|  return value|
|grp_fu_1700_p_dout0      |   in|   32|  ap_ctrl_hs|  nn_inference_Pipeline_col|  return value|
|grp_fu_1700_p_ce         |  out|    1|  ap_ctrl_hs|  nn_inference_Pipeline_col|  return value|
|temp_output_0_load_1     |   in|   32|     ap_none|       temp_output_0_load_1|        scalar|
|temp_output_0_load_2     |   in|   32|     ap_none|       temp_output_0_load_2|        scalar|
|temp_output_0_load_3     |   in|   32|     ap_none|       temp_output_0_load_3|        scalar|
|temp_output_0_load_4     |   in|   32|     ap_none|       temp_output_0_load_4|        scalar|
|temp_output_0_load_5     |   in|   32|     ap_none|       temp_output_0_load_5|        scalar|
|temp_output_0_load_6     |   in|   32|     ap_none|       temp_output_0_load_6|        scalar|
|temp_output_0_load_7     |   in|   32|     ap_none|       temp_output_0_load_7|        scalar|
|temp_output_0_load_8     |   in|   32|     ap_none|       temp_output_0_load_8|        scalar|
|temp_output_0_load_9     |   in|   32|     ap_none|       temp_output_0_load_9|        scalar|
|temp_output_0_load_10    |   in|   32|     ap_none|      temp_output_0_load_10|        scalar|
|temp_output_0_load_11    |   in|   32|     ap_none|      temp_output_0_load_11|        scalar|
|temp_output_0_load_12    |   in|   32|     ap_none|      temp_output_0_load_12|        scalar|
|temp_output_0_load_13    |   in|   32|     ap_none|      temp_output_0_load_13|        scalar|
|temp_output_0_load_14    |   in|   32|     ap_none|      temp_output_0_load_14|        scalar|
|temp_output_0_load_15    |   in|   32|     ap_none|      temp_output_0_load_15|        scalar|
|temp_output_0_load_16    |   in|   32|     ap_none|      temp_output_0_load_16|        scalar|
|temp_output_0_load_17    |   in|   32|     ap_none|      temp_output_0_load_17|        scalar|
|temp_output_0_load_18    |   in|   32|     ap_none|      temp_output_0_load_18|        scalar|
|temp_output_0_load_19    |   in|   32|     ap_none|      temp_output_0_load_19|        scalar|
|temp_output_0_load_20    |   in|   32|     ap_none|      temp_output_0_load_20|        scalar|
|temp_output_0_load_21    |   in|   32|     ap_none|      temp_output_0_load_21|        scalar|
|temp_output_0_load_22    |   in|   32|     ap_none|      temp_output_0_load_22|        scalar|
|temp_output_0_load_23    |   in|   32|     ap_none|      temp_output_0_load_23|        scalar|
|temp_output_0_load_24    |   in|   32|     ap_none|      temp_output_0_load_24|        scalar|
|temp_output_0_load_25    |   in|   32|     ap_none|      temp_output_0_load_25|        scalar|
|temp_output_0_load_26    |   in|   32|     ap_none|      temp_output_0_load_26|        scalar|
|temp_output_0_load_27    |   in|   32|     ap_none|      temp_output_0_load_27|        scalar|
|temp_output_0_load_28    |   in|   32|     ap_none|      temp_output_0_load_28|        scalar|
|temp_output_0_load_29    |   in|   32|     ap_none|      temp_output_0_load_29|        scalar|
|temp_output_0_load_30    |   in|   32|     ap_none|      temp_output_0_load_30|        scalar|
|temp_output_0_load_31    |   in|   32|     ap_none|      temp_output_0_load_31|        scalar|
|temp_output_0_load_32    |   in|   32|     ap_none|      temp_output_0_load_32|        scalar|
|temp_output2_0_address0  |  out|    4|   ap_memory|             temp_output2_0|         array|
|temp_output2_0_ce0       |  out|    1|   ap_memory|             temp_output2_0|         array|
|temp_output2_0_we0       |  out|    1|   ap_memory|             temp_output2_0|         array|
|temp_output2_0_d0        |  out|   32|   ap_memory|             temp_output2_0|         array|
+-------------------------+-----+-----+------------+---------------------------+--------------+

